// Jest Snapshot v1, https://goo.gl/fbAQLP

exports[`Slider Slider renders correct without props 1`] = `
<ContextProvider
  value={
    Object {
      "batch": [Function],
      "blur": [Function],
      "change": [Function],
      "destroyOnUnregister": false,
      "focus": [Function],
      "getFieldState": [Function],
      "getRegisteredFields": [Function],
      "getState": [Function],
      "initialize": [Function],
      "isValidationPaused": [Function],
      "mutators": Object {},
      "pauseValidation": [Function],
      "registerField": [Function],
      "reset": [Function],
      "resetFieldState": [Function],
      "resumeValidation": [Function],
      "setConfig": [Function],
      "submit": [Function],
      "subscribe": [Function],
    }
  }
>
  <Component
    marks={
      Object {
        "0": "Low",
        "1": "Medium",
        "2": "High",
      }
    }
    name="metrics_resolutions_slider"
  />
</ContextProvider>
`;
